// Vitest Snapshot v1, https://vitest.dev/guide/snapshot.html

exports[`wishlist / components / item form > should be displayed with empty inputs 1`] = `"<form class="prose" method="POST"><fieldset class="fieldset mb-2"><legend class="fieldset-legend">Название</legend> <input name="name" class="input w-full bg-base-200" required="" type="text" placeholder="Название"></fieldset> <fieldset class="fieldset mb-2"><legend class="fieldset-legend">Описание</legend> Mock<!----></fieldset> <fieldset class="fieldset mb-6"><legend class="fieldset-legend">Категория</legend> <!----></fieldset> <div class="card-actions"><button class="btn btn-neutral w-full md:flex-1" type="button">Отмена</button> <button class="btn btn-primary w-full md:flex-1" type="submit">Добавить</button></div></form>"`;

exports[`wishlist / components / item form > should prefill inputs 1`] = `
[
  "name",
]
`;
