// Vitest Snapshot v1, https://vitest.dev/guide/snapshot.html

exports[`text editor > should provide current value in "display: none" textarea 1`] = `"{"type":"doc","content":[{"type":"paragraph","content":[{"type":"text","marks":[{"type":"bold"}],"text":"bold content"},{"type":"text","text":" plain "},{"type":"text","marks":[{"type":"italic"}],"text":"and italic"}]}]}"`;
