// Vitest Snapshot v1, https://vitest.dev/guide/snapshot.html

exports[`arrayToOrderedJSON > should convert array to ordered JSON 1`] = `"[{"extraProperty1":"extra","property1":0,"property2":0},{"extraProperty2":"extra","property1":0,"property2":1},{"property1":1,"property2":0},{"property1":1,"property2":1},{"property1":1,"property2":1}]"`;
