// Vitest Snapshot v1, https://vitest.dev/guide/snapshot.html

exports[`list item form > should be displayed with empty inputs 1`] = `
<form
  class="prose"
  method="POST"
>
  <label
    class="form-control w-full mb-2"
  >
    <div
      class="label"
    >
      <span
        class="label-text"
      >
        Название
      </span>
    </div>
     
    <input
      class="input input-bordered w-full bg-base-200"
      name="name"
      placeholder="Название"
      required=""
      type="text"
    />
  </label>
   
  <label
    class="form-control w-full mb-2"
  >
    <div
      class="label"
    >
      <span
        class="label-text"
      >
        Описание
      </span>
    </div>
     
     
    

Mock
  </label>
   
  <label
    class="form-control w-full mb-6"
  >
    <div
      class="label"
    >
      <span
        class="label-text"
      >
        Категория
      </span>
    </div>
     
    <input
      aria-hidden="true"
      data-melt-select-hidden-input=""
      data-select-input=""
      hidden="true"
      name="categoryId"
      style="position: absolute; opacity: 0; pointer-events: none; margin: 0px; transform: translateX(-100%);"
      tabindex="-1"
    />
    
     
    <button
      aria-autocomplete="list"
      aria-expanded="false"
      class="select select-bordered bg-base-200 items-center"
      data-melt-select-trigger=""
      data-select-trigger=""
      role="combobox"
      type="button"
    >
      <span
        data-select-value=""
      >
        ⸻
      </span>
      
    </button>
    
     
    
  </label>
   
  <div
    class="card-actions"
  >
    <button
      class="btn btn-neutral w-full md:flex-1"
      type="button"
    >
      Отмена
    </button>
     
    <button
      class="btn btn-primary w-full md:flex-1"
      type="submit"
    >
      Добавить
    </button>
  </div>
</form>
`;

exports[`list item form > should prefill inputs 1`] = `
[
  "name",
  "categoryId",
]
`;
