// Vitest Snapshot v1, https://vitest.dev/guide/snapshot.html

exports[`list item form > should be displayed with empty inputs 1`] = `
"<form class="prose" method="POST"><fieldset class="fieldset mb-2"><legend class="fieldset-legend">Название</legend> <input name="name" class="input w-full bg-base-200" required="" type="text" placeholder="Название"></fieldset> <fieldset class="fieldset mb-2"><legend class="fieldset-legend">Описание</legend> <!----><!----> <!----> Mock<!----></fieldset> <fieldset class="fieldset mb-6"><legend class="fieldset-legend">Категория</legend> <!----><!----><!----><!----><!----><!----><!----><button class="
          select
          select-bordered
          bg-base-200
          items-center
          w-full
          data-placeholder:text-placeholder
        " id="bits-1" aria-haspopup="listbox" aria-expanded="false" data-state="closed" data-placeholder="" data-select-trigger="" type="button">Категория<!----></button><!----> <!----><!----><!----> <!----><!----><input name="categoryId" aria-hidden="true" tabindex="-1" style="position: absolute; width: 1px; height: 1px; padding: 0px; margin: -1px; overflow: hidden; clip: rect(0px, 0px, 0px, 0px); white-space: nowrap; border-width: 0px; transform: translateX(-100%);"><!----><!----></fieldset> <div class="card-actions"><button class="btn btn-neutral w-full md:flex-1" type="button">Отмена</button> <button class="btn btn-primary w-full md:flex-1" type="submit">Добавить</button></div></form>"
`;

exports[`list item form > should prefill inputs 1`] = `
[
  "name",
  "categoryId",
]
`;
